// Jest Snapshot v1, https://goo.gl/fbAQLP

exports[`renders correctly 1`] = `
<header
  className="header"
>
  <div
    className="logo"
  >
    <svg>
      adopets-logo.svg
    </svg>
  </div>
</header>
`;
